Drill report for PS-FLYBACK-5W.kicad_pcb
Created on 2026-09-29T14:16:39

Copper Layer Stackup:
    =============================================================
    L1 :  F.Cu                      front
    L2 :  In1.Cu                    in1
    L3 :  In2.Cu                    in2
    L4 :  In3.Cu                    in3
    L5 :  In4.Cu                    in4
    L6 :  B.Cu                      back


Drill file 'PS-FLYBACK-5W-PTH.drl' contains
    plated through holes:
    =============================================================
    T1  0.300mm  0.0118"  (10 holes))
    T2  0.400mm  0.0157"  (1 hole)
    T3  0.400mm  0.0157"  (5 holes))
    T4  0.450mm  0.0177"  (7 holes))
    T5  1.300mm  0.0512"  (4 holes))

    Total plated holes count 27


Drill file 'PS-FLYBACK-5W-NPTH.drl' contains
    unplated through holes:
    =============================================================

    Total unplated holes count 0
